Archive member included because of file (symbol)

c:/users/sra pc 01501608190/desktop/tools/imt tools/sdk/imt_sdk_win_64/winavr/bin/../lib/gcc/avr/4.3.3/avr5\libgcc.a(_mulsi3.o)
                              ./app/main.o (__mulsi3)
c:/users/sra pc 01501608190/desktop/tools/imt tools/sdk/imt_sdk_win_64/winavr/bin/../lib/gcc/avr/4.3.3/avr5\libgcc.a(_udivmodhi4.o)
                              ./app/main.o (__udivmodhi4)
c:/users/sra pc 01501608190/desktop/tools/imt tools/sdk/imt_sdk_win_64/winavr/bin/../lib/gcc/avr/4.3.3/avr5\libgcc.a(_divmodhi4.o)
                              ./app/main.o (__divmodhi4)
c:/users/sra pc 01501608190/desktop/tools/imt tools/sdk/imt_sdk_win_64/winavr/bin/../lib/gcc/avr/4.3.3/avr5\libgcc.a(_divmodsi4.o)
                              ./HAL/LCD/LCD_prg.o (__divmodsi4)
c:/users/sra pc 01501608190/desktop/tools/imt tools/sdk/imt_sdk_win_64/winavr/bin/../lib/gcc/avr/4.3.3/avr5\libgcc.a(_exit.o)
                              c:/users/sra pc 01501608190/desktop/tools/imt tools/sdk/imt_sdk_win_64/winavr/bin/../lib/gcc/avr/4.3.3/../../../../avr/lib/avr5/crtm32.o (exit)
c:/users/sra pc 01501608190/desktop/tools/imt tools/sdk/imt_sdk_win_64/winavr/bin/../lib/gcc/avr/4.3.3/avr5\libgcc.a(_copy_data.o)
                              ./app/main.o (__do_copy_data)
c:/users/sra pc 01501608190/desktop/tools/imt tools/sdk/imt_sdk_win_64/winavr/bin/../lib/gcc/avr/4.3.3/avr5\libgcc.a(_clear_bss.o)
                              ./app/main.o (__do_clear_bss)
c:/users/sra pc 01501608190/desktop/tools/imt tools/sdk/imt_sdk_win_64/winavr/bin/../lib/gcc/avr/4.3.3/avr5\libgcc.a(_fixunssfsi.o)
                              ./HAL/STEPPER/STEPPER_prg.o (__fixunssfsi)
c:/users/sra pc 01501608190/desktop/tools/imt tools/sdk/imt_sdk_win_64/winavr/bin/../lib/gcc/avr/4.3.3/avr5\libgcc.a(_addsub_sf.o)
                              c:/users/sra pc 01501608190/desktop/tools/imt tools/sdk/imt_sdk_win_64/winavr/bin/../lib/gcc/avr/4.3.3/avr5\libgcc.a(_fixunssfsi.o) (__subsf3)
c:/users/sra pc 01501608190/desktop/tools/imt tools/sdk/imt_sdk_win_64/winavr/bin/../lib/gcc/avr/4.3.3/avr5\libgcc.a(_mul_sf.o)
                              ./HAL/STEPPER/STEPPER_prg.o (__mulsf3)
c:/users/sra pc 01501608190/desktop/tools/imt tools/sdk/imt_sdk_win_64/winavr/bin/../lib/gcc/avr/4.3.3/avr5\libgcc.a(_gt_sf.o)
                              ./HAL/STEPPER/STEPPER_prg.o (__gtsf2)
c:/users/sra pc 01501608190/desktop/tools/imt tools/sdk/imt_sdk_win_64/winavr/bin/../lib/gcc/avr/4.3.3/avr5\libgcc.a(_ge_sf.o)
                              c:/users/sra pc 01501608190/desktop/tools/imt tools/sdk/imt_sdk_win_64/winavr/bin/../lib/gcc/avr/4.3.3/avr5\libgcc.a(_fixunssfsi.o) (__gesf2)
c:/users/sra pc 01501608190/desktop/tools/imt tools/sdk/imt_sdk_win_64/winavr/bin/../lib/gcc/avr/4.3.3/avr5\libgcc.a(_lt_sf.o)
                              ./HAL/STEPPER/STEPPER_prg.o (__ltsf2)
c:/users/sra pc 01501608190/desktop/tools/imt tools/sdk/imt_sdk_win_64/winavr/bin/../lib/gcc/avr/4.3.3/avr5\libgcc.a(_sf_to_si.o)
                              c:/users/sra pc 01501608190/desktop/tools/imt tools/sdk/imt_sdk_win_64/winavr/bin/../lib/gcc/avr/4.3.3/avr5\libgcc.a(_fixunssfsi.o) (__fixsfsi)
c:/users/sra pc 01501608190/desktop/tools/imt tools/sdk/imt_sdk_win_64/winavr/bin/../lib/gcc/avr/4.3.3/avr5\libgcc.a(_thenan_sf.o)
                              c:/users/sra pc 01501608190/desktop/tools/imt tools/sdk/imt_sdk_win_64/winavr/bin/../lib/gcc/avr/4.3.3/avr5\libgcc.a(_addsub_sf.o) (__thenan_sf)
c:/users/sra pc 01501608190/desktop/tools/imt tools/sdk/imt_sdk_win_64/winavr/bin/../lib/gcc/avr/4.3.3/avr5\libgcc.a(_udivmodsi4.o)
                              c:/users/sra pc 01501608190/desktop/tools/imt tools/sdk/imt_sdk_win_64/winavr/bin/../lib/gcc/avr/4.3.3/avr5\libgcc.a(_divmodsi4.o) (__udivmodsi4)
c:/users/sra pc 01501608190/desktop/tools/imt tools/sdk/imt_sdk_win_64/winavr/bin/../lib/gcc/avr/4.3.3/avr5\libgcc.a(_prologue.o)
                              c:/users/sra pc 01501608190/desktop/tools/imt tools/sdk/imt_sdk_win_64/winavr/bin/../lib/gcc/avr/4.3.3/avr5\libgcc.a(_addsub_sf.o) (__prologue_saves__)
c:/users/sra pc 01501608190/desktop/tools/imt tools/sdk/imt_sdk_win_64/winavr/bin/../lib/gcc/avr/4.3.3/avr5\libgcc.a(_epilogue.o)
                              c:/users/sra pc 01501608190/desktop/tools/imt tools/sdk/imt_sdk_win_64/winavr/bin/../lib/gcc/avr/4.3.3/avr5\libgcc.a(_addsub_sf.o) (__epilogue_restores__)
c:/users/sra pc 01501608190/desktop/tools/imt tools/sdk/imt_sdk_win_64/winavr/bin/../lib/gcc/avr/4.3.3/avr5\libgcc.a(_pack_sf.o)
                              c:/users/sra pc 01501608190/desktop/tools/imt tools/sdk/imt_sdk_win_64/winavr/bin/../lib/gcc/avr/4.3.3/avr5\libgcc.a(_addsub_sf.o) (__pack_f)
c:/users/sra pc 01501608190/desktop/tools/imt tools/sdk/imt_sdk_win_64/winavr/bin/../lib/gcc/avr/4.3.3/avr5\libgcc.a(_unpack_sf.o)
                              c:/users/sra pc 01501608190/desktop/tools/imt tools/sdk/imt_sdk_win_64/winavr/bin/../lib/gcc/avr/4.3.3/avr5\libgcc.a(_addsub_sf.o) (__unpack_f)
c:/users/sra pc 01501608190/desktop/tools/imt tools/sdk/imt_sdk_win_64/winavr/bin/../lib/gcc/avr/4.3.3/avr5\libgcc.a(_fpcmp_parts_sf.o)
                              c:/users/sra pc 01501608190/desktop/tools/imt tools/sdk/imt_sdk_win_64/winavr/bin/../lib/gcc/avr/4.3.3/avr5\libgcc.a(_gt_sf.o) (__fpcmp_parts_f)
c:/users/sra pc 01501608190/desktop/tools/imt tools/sdk/imt_sdk_win_64/winavr/bin/../lib/gcc/avr/4.3.3/../../../../avr/lib/avr5\libc.a(strcmp.o)
                              ./app/main.o (strcmp)

Allocating common symbols
Common symbol       size              file

key_enter           0x5               ./app/main.o

Memory Configuration

Name             Origin             Length             Attributes
text             0x00000000         0x00020000         xr
data             0x00800060         0x0000ffa0         rw !x
eeprom           0x00810000         0x00010000         rw !x
fuse             0x00820000         0x00000400         rw !x
lock             0x00830000         0x00000400         rw !x
signature        0x00840000         0x00000400         rw !x
*default*        0x00000000         0xffffffff

Linker script and memory map

LOAD c:/users/sra pc 01501608190/desktop/tools/imt tools/sdk/imt_sdk_win_64/winavr/bin/../lib/gcc/avr/4.3.3/../../../../avr/lib/avr5/crtm32.o
LOAD ./app/main.o
LOAD ./MCAL/WDT/WDT_prg.o
LOAD ./MCAL/USART/USART_prg.o
LOAD ./MCAL/TWI/TWI_prg.o
LOAD ./MCAL/TIMERS/TIMERS_prg.o
LOAD ./MCAL/SPI/SPI_prg.o
LOAD ./MCAL/GIE/GIE_prg.o
LOAD ./MCAL/EXTI/EXTI_prg.o
LOAD ./MCAL/DIO/DIO_prg.o
LOAD ./MCAL/ADC/ADC_prg.o
LOAD ./HAL/STEPPER/STEPPER_prg.o
LOAD ./HAL/SSD/SSD_prg.o
LOAD ./HAL/LCD/LCD_prg.o
LOAD ./HAL/KPD/KPD_prg.o
LOAD c:/users/sra pc 01501608190/desktop/tools/imt tools/sdk/imt_sdk_win_64/winavr/bin/../lib/gcc/avr/4.3.3/avr5\libgcc.a
LOAD c:/users/sra pc 01501608190/desktop/tools/imt tools/sdk/imt_sdk_win_64/winavr/bin/../lib/gcc/avr/4.3.3/../../../../avr/lib/avr5\libc.a
LOAD c:/users/sra pc 01501608190/desktop/tools/imt tools/sdk/imt_sdk_win_64/winavr/bin/../lib/gcc/avr/4.3.3/avr5\libgcc.a

.hash
 *(.hash)

.dynsym
 *(.dynsym)

.dynstr
 *(.dynstr)

.gnu.version
 *(.gnu.version)

.gnu.version_d
 *(.gnu.version_d)

.gnu.version_r
 *(.gnu.version_r)

.rel.init
 *(.rel.init)

.rela.init
 *(.rela.init)

.rel.text
 *(.rel.text)
 *(.rel.text.*)
 *(.rel.gnu.linkonce.t*)

.rela.text
 *(.rela.text)
 *(.rela.text.*)
 *(.rela.gnu.linkonce.t*)

.rel.fini
 *(.rel.fini)

.rela.fini
 *(.rela.fini)

.rel.rodata
 *(.rel.rodata)
 *(.rel.rodata.*)
 *(.rel.gnu.linkonce.r*)

.rela.rodata
 *(.rela.rodata)
 *(.rela.rodata.*)
 *(.rela.gnu.linkonce.r*)

.rel.data
 *(.rel.data)
 *(.rel.data.*)
 *(.rel.gnu.linkonce.d*)

.rela.data
 *(.rela.data)
 *(.rela.data.*)
 *(.rela.gnu.linkonce.d*)

.rel.ctors
 *(.rel.ctors)

.rela.ctors
 *(.rela.ctors)

.rel.dtors
 *(.rel.dtors)

.rela.dtors
 *(.rela.dtors)

.rel.got
 *(.rel.got)

.rela.got
 *(.rela.got)

.rel.bss
 *(.rel.bss)

.rela.bss
 *(.rela.bss)

.rel.plt
 *(.rel.plt)

.rela.plt
 *(.rela.plt)

.text           0x00000000     0x239a
 *(.vectors)
 .vectors       0x00000000       0x54 c:/users/sra pc 01501608190/desktop/tools/imt tools/sdk/imt_sdk_win_64/winavr/bin/../lib/gcc/avr/4.3.3/../../../../avr/lib/avr5/crtm32.o
                0x00000000                __vectors
                0x00000000                __vector_default
 *(.vectors)
 *(.progmem.gcc*)
 *(.progmem*)
                0x00000054                . = ALIGN (0x2)
                0x00000054                __trampolines_start = .
 *(.trampolines)
 .trampolines   0x00000054        0x0 linker stubs
 *(.trampolines*)
                0x00000054                __trampolines_end = .
 *(.jumptables)
 *(.jumptables*)
 *(.lowtext)
 *(.lowtext*)
                0x00000054                __ctors_start = .
 *(.ctors)
                0x00000054                __ctors_end = .
                0x00000054                __dtors_start = .
 *(.dtors)
                0x00000054                __dtors_end = .
 SORT(*)(.ctors)
 SORT(*)(.dtors)
 *(.init0)
 .init0         0x00000054        0x0 c:/users/sra pc 01501608190/desktop/tools/imt tools/sdk/imt_sdk_win_64/winavr/bin/../lib/gcc/avr/4.3.3/../../../../avr/lib/avr5/crtm32.o
                0x00000054                __init
 *(.init0)
 *(.init1)
 *(.init1)
 *(.init2)
 .init2         0x00000054        0xc c:/users/sra pc 01501608190/desktop/tools/imt tools/sdk/imt_sdk_win_64/winavr/bin/../lib/gcc/avr/4.3.3/../../../../avr/lib/avr5/crtm32.o
 *(.init2)
 *(.init3)
 *(.init3)
 *(.init4)
 .init4         0x00000060       0x16 c:/users/sra pc 01501608190/desktop/tools/imt tools/sdk/imt_sdk_win_64/winavr/bin/../lib/gcc/avr/4.3.3/avr5\libgcc.a(_copy_data.o)
                0x00000060                __do_copy_data
 .init4         0x00000076       0x10 c:/users/sra pc 01501608190/desktop/tools/imt tools/sdk/imt_sdk_win_64/winavr/bin/../lib/gcc/avr/4.3.3/avr5\libgcc.a(_clear_bss.o)
                0x00000076                __do_clear_bss
 *(.init4)
 *(.init5)
 *(.init5)
 *(.init6)
 *(.init6)
 *(.init7)
 *(.init7)
 *(.init8)
 *(.init8)
 *(.init9)
 .init9         0x00000086        0x8 c:/users/sra pc 01501608190/desktop/tools/imt tools/sdk/imt_sdk_win_64/winavr/bin/../lib/gcc/avr/4.3.3/../../../../avr/lib/avr5/crtm32.o
 *(.init9)
 *(.text)
 .text          0x0000008e        0x4 c:/users/sra pc 01501608190/desktop/tools/imt tools/sdk/imt_sdk_win_64/winavr/bin/../lib/gcc/avr/4.3.3/../../../../avr/lib/avr5/crtm32.o
                0x0000008e                __vector_12
                0x0000008e                __bad_interrupt
                0x0000008e                __vector_13
                0x0000008e                __vector_17
                0x0000008e                __vector_19
                0x0000008e                __vector_7
                0x0000008e                __vector_5
                0x0000008e                __vector_4
                0x0000008e                __vector_9
                0x0000008e                __vector_15
                0x0000008e                __vector_8
                0x0000008e                __vector_14
                0x0000008e                __vector_16
                0x0000008e                __vector_18
                0x0000008e                __vector_20
 .text          0x00000092        0x0 ./app/main.o
 .text          0x00000092        0x0 ./MCAL/WDT/WDT_prg.o
 .text          0x00000092        0x0 ./MCAL/USART/USART_prg.o
 .text          0x00000092        0x0 ./MCAL/TWI/TWI_prg.o
 .text          0x00000092        0x0 ./MCAL/TIMERS/TIMERS_prg.o
 .text          0x00000092        0x0 ./MCAL/SPI/SPI_prg.o
 .text          0x00000092        0x0 ./MCAL/GIE/GIE_prg.o
 .text          0x00000092        0x0 ./MCAL/EXTI/EXTI_prg.o
 .text          0x00000092        0x0 ./MCAL/DIO/DIO_prg.o
 .text          0x00000092        0x0 ./MCAL/ADC/ADC_prg.o
 .text          0x00000092        0x0 ./HAL/STEPPER/STEPPER_prg.o
 .text          0x00000092        0x0 ./HAL/SSD/SSD_prg.o
 .text          0x00000092        0x0 ./HAL/LCD/LCD_prg.o
 .text          0x00000092        0x0 ./HAL/KPD/KPD_prg.o
 .text          0x00000092        0x0 c:/users/sra pc 01501608190/desktop/tools/imt tools/sdk/imt_sdk_win_64/winavr/bin/../lib/gcc/avr/4.3.3/avr5\libgcc.a(_mulsi3.o)
 .text          0x00000092        0x0 c:/users/sra pc 01501608190/desktop/tools/imt tools/sdk/imt_sdk_win_64/winavr/bin/../lib/gcc/avr/4.3.3/avr5\libgcc.a(_udivmodhi4.o)
 .text          0x00000092        0x0 c:/users/sra pc 01501608190/desktop/tools/imt tools/sdk/imt_sdk_win_64/winavr/bin/../lib/gcc/avr/4.3.3/avr5\libgcc.a(_divmodhi4.o)
 .text          0x00000092        0x0 c:/users/sra pc 01501608190/desktop/tools/imt tools/sdk/imt_sdk_win_64/winavr/bin/../lib/gcc/avr/4.3.3/avr5\libgcc.a(_divmodsi4.o)
 .text          0x00000092        0x0 c:/users/sra pc 01501608190/desktop/tools/imt tools/sdk/imt_sdk_win_64/winavr/bin/../lib/gcc/avr/4.3.3/avr5\libgcc.a(_exit.o)
 .text          0x00000092        0x0 c:/users/sra pc 01501608190/desktop/tools/imt tools/sdk/imt_sdk_win_64/winavr/bin/../lib/gcc/avr/4.3.3/avr5\libgcc.a(_copy_data.o)
 .text          0x00000092        0x0 c:/users/sra pc 01501608190/desktop/tools/imt tools/sdk/imt_sdk_win_64/winavr/bin/../lib/gcc/avr/4.3.3/avr5\libgcc.a(_clear_bss.o)
 .text          0x00000092       0x58 c:/users/sra pc 01501608190/desktop/tools/imt tools/sdk/imt_sdk_win_64/winavr/bin/../lib/gcc/avr/4.3.3/avr5\libgcc.a(_fixunssfsi.o)
                0x00000092                __fixunssfsi
 .text          0x000000ea      0x354 c:/users/sra pc 01501608190/desktop/tools/imt tools/sdk/imt_sdk_win_64/winavr/bin/../lib/gcc/avr/4.3.3/avr5\libgcc.a(_addsub_sf.o)
                0x00000382                __subsf3
                0x000003e4                __addsf3
 .text          0x0000043e      0x1f4 c:/users/sra pc 01501608190/desktop/tools/imt tools/sdk/imt_sdk_win_64/winavr/bin/../lib/gcc/avr/4.3.3/avr5\libgcc.a(_mul_sf.o)
                0x0000043e                __mulsf3
 .text          0x00000632       0x60 c:/users/sra pc 01501608190/desktop/tools/imt tools/sdk/imt_sdk_win_64/winavr/bin/../lib/gcc/avr/4.3.3/avr5\libgcc.a(_gt_sf.o)
                0x00000632                __gtsf2
 .text          0x00000692       0x60 c:/users/sra pc 01501608190/desktop/tools/imt tools/sdk/imt_sdk_win_64/winavr/bin/../lib/gcc/avr/4.3.3/avr5\libgcc.a(_ge_sf.o)
                0x00000692                __gesf2
 .text          0x000006f2       0x60 c:/users/sra pc 01501608190/desktop/tools/imt tools/sdk/imt_sdk_win_64/winavr/bin/../lib/gcc/avr/4.3.3/avr5\libgcc.a(_lt_sf.o)
                0x000006f2                __ltsf2
 .text          0x00000752       0xa8 c:/users/sra pc 01501608190/desktop/tools/imt tools/sdk/imt_sdk_win_64/winavr/bin/../lib/gcc/avr/4.3.3/avr5\libgcc.a(_sf_to_si.o)
                0x00000752                __fixsfsi
 .text          0x000007fa        0x0 c:/users/sra pc 01501608190/desktop/tools/imt tools/sdk/imt_sdk_win_64/winavr/bin/../lib/gcc/avr/4.3.3/avr5\libgcc.a(_thenan_sf.o)
 .text          0x000007fa        0x0 c:/users/sra pc 01501608190/desktop/tools/imt tools/sdk/imt_sdk_win_64/winavr/bin/../lib/gcc/avr/4.3.3/avr5\libgcc.a(_udivmodsi4.o)
 .text          0x000007fa        0x0 c:/users/sra pc 01501608190/desktop/tools/imt tools/sdk/imt_sdk_win_64/winavr/bin/../lib/gcc/avr/4.3.3/avr5\libgcc.a(_prologue.o)
 .text          0x000007fa        0x0 c:/users/sra pc 01501608190/desktop/tools/imt tools/sdk/imt_sdk_win_64/winavr/bin/../lib/gcc/avr/4.3.3/avr5\libgcc.a(_epilogue.o)
 .text          0x000007fa      0x1aa c:/users/sra pc 01501608190/desktop/tools/imt tools/sdk/imt_sdk_win_64/winavr/bin/../lib/gcc/avr/4.3.3/avr5\libgcc.a(_pack_sf.o)
                0x000007fa                __pack_f
 .text          0x000009a4       0xf0 c:/users/sra pc 01501608190/desktop/tools/imt tools/sdk/imt_sdk_win_64/winavr/bin/../lib/gcc/avr/4.3.3/avr5\libgcc.a(_unpack_sf.o)
                0x000009a4                __unpack_f
 .text          0x00000a94       0xb2 c:/users/sra pc 01501608190/desktop/tools/imt tools/sdk/imt_sdk_win_64/winavr/bin/../lib/gcc/avr/4.3.3/avr5\libgcc.a(_fpcmp_parts_sf.o)
                0x00000a94                __fpcmp_parts_f
 .text          0x00000b46        0x0 c:/users/sra pc 01501608190/desktop/tools/imt tools/sdk/imt_sdk_win_64/winavr/bin/../lib/gcc/avr/4.3.3/../../../../avr/lib/avr5\libc.a(strcmp.o)
                0x00000b46                . = ALIGN (0x2)
 *(.text.*)
 .text.LCD_STATE
                0x00000b46       0x46 ./app/main.o
                0x00000b46                LCD_STATE
 .text.ServoOff_func
                0x00000b8c        0xc ./app/main.o
                0x00000b8c                ServoOff_func
 .text.ServoOn_func
                0x00000b98       0x1c ./app/main.o
                0x00000b98                ServoOn_func
 .text.Welcome_Screen
                0x00000bb4      0x15e ./app/main.o
                0x00000bb4                Welcome_Screen
 .text.BuzzerOff_Func
                0x00000d12        0xc ./app/main.o
                0x00000d12                BuzzerOff_Func
 .text.BuzzerOn_Func
                0x00000d1e        0xc ./app/main.o
                0x00000d1e                BuzzerOn_Func
 .text.motorstop
                0x00000d2a        0x8 ./app/main.o
                0x00000d2a                motorstop
 .text.MotorUp_Func
                0x00000d32        0x8 ./app/main.o
                0x00000d32                MotorUp_Func
 .text.alarm_func
                0x00000d3a       0x4a ./app/main.o
                0x00000d3a                alarm_func
 .text.LDR_func
                0x00000d84       0xc2 ./app/main.o
                0x00000d84                LDR_func
 .text.LM35_func
                0x00000e46      0x140 ./app/main.o
                0x00000e46                LM35_func
 .text.main     0x00000f86      0x1f2 ./app/main.o
                0x00000f86                main
 .text.MWDT_vEnable
                0x00001178       0x12 ./MCAL/WDT/WDT_prg.o
                0x00001178                MWDT_vEnable
 .text.MWDT_vDisable
                0x0000118a        0x8 ./MCAL/WDT/WDT_prg.o
                0x0000118a                MWDT_vDisable
 .text.MUSART_vInit
                0x00001192       0x10 ./MCAL/USART/USART_prg.o
                0x00001192                MUSART_vInit
 .text.MUSART_vTransmit
                0x000011a2        0x8 ./MCAL/USART/USART_prg.o
                0x000011a2                MUSART_vTransmit
 .text.MUSART_vReceive
                0x000011aa        0x4 ./MCAL/USART/USART_prg.o
                0x000011aa                MUSART_vReceive
 .text.MTWI_vInit
                0x000011ae        0xc ./MCAL/TWI/TWI_prg.o
                0x000011ae                MTWI_vInit
 .text.MTWI_u8SendStartCondition
                0x000011ba       0x10 ./MCAL/TWI/TWI_prg.o
                0x000011ba                MTWI_u8SendStartCondition
 .text.MTWI_u8ResendStartCondition
                0x000011ca       0x10 ./MCAL/TWI/TWI_prg.o
                0x000011ca                MTWI_u8ResendStartCondition
 .text.MTWI_u8SendSLA_RW
                0x000011da       0x1c ./MCAL/TWI/TWI_prg.o
                0x000011da                MTWI_u8SendSLA_RW
 .text.MTWI_u8SendByte
                0x000011f6       0x12 ./MCAL/TWI/TWI_prg.o
                0x000011f6                MTWI_u8SendByte
 .text.MTWI_u8ReceiveByte
                0x00001208       0x2e ./MCAL/TWI/TWI_prg.o
                0x00001208                MTWI_u8ReceiveByte
 .text.MTWI_u8SentStopCondition
                0x00001236        0xa ./MCAL/TWI/TWI_prg.o
                0x00001236                MTWI_u8SentStopCondition
 .text.MTWI_u8GetStatusCode
                0x00001240        0x6 ./MCAL/TWI/TWI_prg.o
                0x00001240                MTWI_u8GetStatusCode
 .text.MTIMERS_vSetIntervalAsych_CB
                0x00001246       0x1a ./MCAL/TIMERS/TIMERS_prg.o
                0x00001246                MTIMERS_vSetIntervalAsych_CB
 .text.MTIMERS_vSetInterval_CTC
                0x00001260       0x1c ./MCAL/TIMERS/TIMERS_prg.o
                0x00001260                MTIMERS_vSetInterval_CTC
 .text.MTIMERS_vStartTimer
                0x0000127c       0x1c ./MCAL/TIMERS/TIMERS_prg.o
                0x0000127c                MTIMERS_vStartTimer
 .text.MTIMERS_vStopTimer
                0x00001298       0x18 ./MCAL/TIMERS/TIMERS_prg.o
                0x00001298                MTIMERS_vStopTimer
 .text.MTIMERS_vSetCompareMatch
                0x000012b0       0x14 ./MCAL/TIMERS/TIMERS_prg.o
                0x000012b0                MTIMERS_vSetCompareMatch
 .text.MTIMERS_vSetICU_CB
                0x000012c4        0xa ./MCAL/TIMERS/TIMERS_prg.o
                0x000012c4                MTIMERS_vSetICU_CB
 .text.MTIMERS_u16GetCapturedValue
                0x000012ce        0x8 ./MCAL/TIMERS/TIMERS_prg.o
                0x000012ce                MTIMERS_u16GetCapturedValue
 .text.MTIMERS_SetTrigger
                0x000012d6       0x1a ./MCAL/TIMERS/TIMERS_prg.o
                0x000012d6                MTIMERS_SetTrigger
 .text.MTIMERS_vEnableInterrupt
                0x000012f0       0x2c ./MCAL/TIMERS/TIMERS_prg.o
                0x000012f0                MTIMERS_vEnableInterrupt
 .text.MTIMERS_vInit
                0x0000131c       0x66 ./MCAL/TIMERS/TIMERS_prg.o
                0x0000131c                MTIMERS_vInit
 .text.MTIMERS_vDisableInterrupt
                0x00001382       0x2c ./MCAL/TIMERS/TIMERS_prg.o
                0x00001382                MTIMERS_vDisableInterrupt
 .text.__vector_11
                0x000013ae       0xa2 ./MCAL/TIMERS/TIMERS_prg.o
                0x000013ae                __vector_11
 .text.__vector_10
                0x00001450       0xa2 ./MCAL/TIMERS/TIMERS_prg.o
                0x00001450                __vector_10
 .text.__vector_6
                0x000014f2       0x52 ./MCAL/TIMERS/TIMERS_prg.o
                0x000014f2                __vector_6
 .text.MSPI_vTransceive
                0x00001544        0xa ./MCAL/SPI/SPI_prg.o
                0x00001544                MSPI_vTransceive
 .text.MSPI_vTransmit
                0x0000154e        0x8 ./MCAL/SPI/SPI_prg.o
                0x0000154e                MSPI_vTransmit
 .text.MSPI_u8Receive
                0x00001556        0x8 ./MCAL/SPI/SPI_prg.o
                0x00001556                MSPI_u8Receive
 .text.MSPI_vInit
                0x0000155e       0x24 ./MCAL/SPI/SPI_prg.o
                0x0000155e                MSPI_vInit
 .text.MGIE_vEnableGlobalInterrupt
                0x00001582        0x8 ./MCAL/GIE/GIE_prg.o
                0x00001582                MGIE_vEnableGlobalInterrupt
 .text.MGIE_vDisableGlobalInterrupt
                0x0000158a        0x8 ./MCAL/GIE/GIE_prg.o
                0x0000158a                MGIE_vDisableGlobalInterrupt
 .text.MEXTI_vInit
                0x00001592       0x14 ./MCAL/EXTI/EXTI_prg.o
                0x00001592                MEXTI_vInit
 .text.MEXTI_vCallBackFunction
                0x000015a6       0x12 ./MCAL/EXTI/EXTI_prg.o
                0x000015a6                MEXTI_vCallBackFunction
 .text.__vector_1
                0x000015b8       0x52 ./MCAL/EXTI/EXTI_prg.o
                0x000015b8                __vector_1
 .text.__vector_2
                0x0000160a       0x52 ./MCAL/EXTI/EXTI_prg.o
                0x0000160a                __vector_2
 .text.__vector_3
                0x0000165c       0x52 ./MCAL/EXTI/EXTI_prg.o
                0x0000165c                __vector_3
 .text.MDIO_vInit
                0x000016ae       0x12 ./MCAL/DIO/DIO_prg.o
                0x000016ae                MDIO_vInit
 .text.MDIO_vSetPinDir
                0x000016c0       0xe6 ./MCAL/DIO/DIO_prg.o
                0x000016c0                MDIO_vSetPinDir
 .text.MDIO_vSetPinVal
                0x000017a6       0xe6 ./MCAL/DIO/DIO_prg.o
                0x000017a6                MDIO_vSetPinVal
 .text.MDIO_u8GETPinVal
                0x0000188c       0x40 ./MCAL/DIO/DIO_prg.o
                0x0000188c                MDIO_u8GETPinVal
 .text.MDIO_vSetPortDir
                0x000018cc       0x22 ./MCAL/DIO/DIO_prg.o
                0x000018cc                MDIO_vSetPortDir
 .text.MDIO_vSetPortVal
                0x000018ee       0x22 ./MCAL/DIO/DIO_prg.o
                0x000018ee                MDIO_vSetPortVal
 .text.MDIO_u8GETPortVal
                0x00001910       0x24 ./MCAL/DIO/DIO_prg.o
                0x00001910                MDIO_u8GETPortVal
 .text.MDIO_vTogPinVal
                0x00001934       0x6a ./MCAL/DIO/DIO_prg.o
                0x00001934                MDIO_vTogPinVal
 .text.MADC_vInit
                0x0000199e       0x14 ./MCAL/ADC/ADC_prg.o
                0x0000199e                MADC_vInit
 .text.MADC_u16AnalogRead
                0x000019b2       0x1a ./MCAL/ADC/ADC_prg.o
                0x000019b2                MADC_u16AnalogRead
 .text.STEPPER_vStop
                0x000019cc       0x2a ./HAL/STEPPER/STEPPER_prg.o
                0x000019cc                STEPPER_vStop
 .text.STEPPER_vRotateCCW
                0x000019f6      0x20e ./HAL/STEPPER/STEPPER_prg.o
                0x000019f6                STEPPER_vRotateCCW
 .text.STEPPER_vRotateCW
                0x00001c04      0x276 ./HAL/STEPPER/STEPPER_prg.o
                0x00001c04                STEPPER_vRotateCW
 .text.STEPPER_vInit
                0x00001e7a       0x2a ./HAL/STEPPER/STEPPER_prg.o
                0x00001e7a                STEPPER_vInit
 .text.HSSD_vTurnOff
                0x00001ea4        0xa ./HAL/SSD/SSD_prg.o
                0x00001ea4                HSSD_vTurnOff
 .text.HSSD_vDisplayNumber
                0x00001eae       0x18 ./HAL/SSD/SSD_prg.o
                0x00001eae                HSSD_vDisplayNumber
 .text.HSSD_vInit
                0x00001ec6        0xa ./HAL/SSD/SSD_prg.o
                0x00001ec6                HSSD_vInit
 .text.HLCD_vSendChar
                0x00001ed0       0x4c ./HAL/LCD/LCD_prg.o
                0x00001ed0                HLCD_vSendChar
 .text.HLCD_vPrintNumber
                0x00001f1c       0xc4 ./HAL/LCD/LCD_prg.o
                0x00001f1c                HLCD_vPrintNumber
 .text.HLCD_vDisplayString
                0x00001fe0       0x26 ./HAL/LCD/LCD_prg.o
                0x00001fe0                HLCD_vDisplayString
 .text.HLCD_vSendCmd
                0x00002006       0x4c ./HAL/LCD/LCD_prg.o
                0x00002006                HLCD_vSendCmd
 .text.HLCD_vClearScreen
                0x00002052        0x8 ./HAL/LCD/LCD_prg.o
                0x00002052                HLCD_vClearScreen
 .text.HLCD_vSetCursorPosition
                0x0000205a       0x1e ./HAL/LCD/LCD_prg.o
                0x0000205a                HLCD_vSetCursorPosition
 .text.HLCD_vInit
                0x00002078       0x72 ./HAL/LCD/LCD_prg.o
                0x00002078                HLCD_vInit
 .text.HKPD_u8GetPressedKey
                0x000020ea       0x98 ./HAL/KPD/KPD_prg.o
                0x000020ea                HKPD_u8GetPressedKey
 .text.HKPD_vInit
                0x00002182       0x8e ./HAL/KPD/KPD_prg.o
                0x00002182                HKPD_vInit
 .text.libgcc   0x00002210       0x3e c:/users/sra pc 01501608190/desktop/tools/imt tools/sdk/imt_sdk_win_64/winavr/bin/../lib/gcc/avr/4.3.3/avr5\libgcc.a(_mulsi3.o)
                0x00002210                __mulsi3
 .text.libgcc   0x0000224e       0x28 c:/users/sra pc 01501608190/desktop/tools/imt tools/sdk/imt_sdk_win_64/winavr/bin/../lib/gcc/avr/4.3.3/avr5\libgcc.a(_udivmodhi4.o)
                0x0000224e                __udivmodhi4
 .text.libgcc   0x00002276       0x26 c:/users/sra pc 01501608190/desktop/tools/imt tools/sdk/imt_sdk_win_64/winavr/bin/../lib/gcc/avr/4.3.3/avr5\libgcc.a(_divmodhi4.o)
                0x00002276                __divmodhi4
                0x00002276                _div
 .text.libgcc   0x0000229c       0x36 c:/users/sra pc 01501608190/desktop/tools/imt tools/sdk/imt_sdk_win_64/winavr/bin/../lib/gcc/avr/4.3.3/avr5\libgcc.a(_divmodsi4.o)
                0x0000229c                __divmodsi4
 .text.libgcc   0x000022d2        0x0 c:/users/sra pc 01501608190/desktop/tools/imt tools/sdk/imt_sdk_win_64/winavr/bin/../lib/gcc/avr/4.3.3/avr5\libgcc.a(_exit.o)
 .text.libgcc   0x000022d2        0x0 c:/users/sra pc 01501608190/desktop/tools/imt tools/sdk/imt_sdk_win_64/winavr/bin/../lib/gcc/avr/4.3.3/avr5\libgcc.a(_copy_data.o)
 .text.libgcc   0x000022d2        0x0 c:/users/sra pc 01501608190/desktop/tools/imt tools/sdk/imt_sdk_win_64/winavr/bin/../lib/gcc/avr/4.3.3/avr5\libgcc.a(_clear_bss.o)
 .text.libgcc   0x000022d2       0x44 c:/users/sra pc 01501608190/desktop/tools/imt tools/sdk/imt_sdk_win_64/winavr/bin/../lib/gcc/avr/4.3.3/avr5\libgcc.a(_udivmodsi4.o)
                0x000022d2                __udivmodsi4
 .text.libgcc   0x00002316       0x38 c:/users/sra pc 01501608190/desktop/tools/imt tools/sdk/imt_sdk_win_64/winavr/bin/../lib/gcc/avr/4.3.3/avr5\libgcc.a(_prologue.o)
                0x00002316                __prologue_saves__
 .text.libgcc   0x0000234e       0x36 c:/users/sra pc 01501608190/desktop/tools/imt tools/sdk/imt_sdk_win_64/winavr/bin/../lib/gcc/avr/4.3.3/avr5\libgcc.a(_epilogue.o)
                0x0000234e                __epilogue_restores__
 .text.avr-libc
                0x00002384       0x12 c:/users/sra pc 01501608190/desktop/tools/imt tools/sdk/imt_sdk_win_64/winavr/bin/../lib/gcc/avr/4.3.3/../../../../avr/lib/avr5\libc.a(strcmp.o)
                0x00002384                strcmp
                0x00002396                . = ALIGN (0x2)
 *(.fini9)
 .fini9         0x00002396        0x0 c:/users/sra pc 01501608190/desktop/tools/imt tools/sdk/imt_sdk_win_64/winavr/bin/../lib/gcc/avr/4.3.3/avr5\libgcc.a(_exit.o)
                0x00002396                exit
                0x00002396                _exit
 *(.fini9)
 *(.fini8)
 *(.fini8)
 *(.fini7)
 *(.fini7)
 *(.fini6)
 *(.fini6)
 *(.fini5)
 *(.fini5)
 *(.fini4)
 *(.fini4)
 *(.fini3)
 *(.fini3)
 *(.fini2)
 *(.fini2)
 *(.fini1)
 *(.fini1)
 *(.fini0)
 .fini0         0x00002396        0x4 c:/users/sra pc 01501608190/desktop/tools/imt tools/sdk/imt_sdk_win_64/winavr/bin/../lib/gcc/avr/4.3.3/avr5\libgcc.a(_exit.o)
 *(.fini0)
                0x0000239a                _etext = .

.data           0x00800060       0x84 load address 0x0000239a
                0x00800060                PROVIDE (__data_start, .)
 *(.data)
 .data          0x00800060        0x0 c:/users/sra pc 01501608190/desktop/tools/imt tools/sdk/imt_sdk_win_64/winavr/bin/../lib/gcc/avr/4.3.3/../../../../avr/lib/avr5/crtm32.o
 .data          0x00800060       0x65 ./app/main.o
 .data          0x008000c5        0x0 ./MCAL/WDT/WDT_prg.o
 .data          0x008000c5        0x0 ./MCAL/USART/USART_prg.o
 .data          0x008000c5        0x0 ./MCAL/TWI/TWI_prg.o
 .data          0x008000c5        0x0 ./MCAL/TIMERS/TIMERS_prg.o
 .data          0x008000c5        0x0 ./MCAL/SPI/SPI_prg.o
 .data          0x008000c5        0x0 ./MCAL/GIE/GIE_prg.o
 .data          0x008000c5        0x0 ./MCAL/EXTI/EXTI_prg.o
 .data          0x008000c5        0x0 ./MCAL/DIO/DIO_prg.o
 .data          0x008000c5        0x0 ./MCAL/ADC/ADC_prg.o
 .data          0x008000c5        0x0 ./HAL/STEPPER/STEPPER_prg.o
 .data          0x008000c5        0x0 ./HAL/SSD/SSD_prg.o
 .data          0x008000c5        0x0 ./HAL/LCD/LCD_prg.o
 .data          0x008000c5        0x0 ./HAL/KPD/KPD_prg.o
 .data          0x008000c5        0x0 c:/users/sra pc 01501608190/desktop/tools/imt tools/sdk/imt_sdk_win_64/winavr/bin/../lib/gcc/avr/4.3.3/avr5\libgcc.a(_mulsi3.o)
 .data          0x008000c5        0x0 c:/users/sra pc 01501608190/desktop/tools/imt tools/sdk/imt_sdk_win_64/winavr/bin/../lib/gcc/avr/4.3.3/avr5\libgcc.a(_udivmodhi4.o)
 .data          0x008000c5        0x0 c:/users/sra pc 01501608190/desktop/tools/imt tools/sdk/imt_sdk_win_64/winavr/bin/../lib/gcc/avr/4.3.3/avr5\libgcc.a(_divmodhi4.o)
 .data          0x008000c5        0x0 c:/users/sra pc 01501608190/desktop/tools/imt tools/sdk/imt_sdk_win_64/winavr/bin/../lib/gcc/avr/4.3.3/avr5\libgcc.a(_divmodsi4.o)
 .data          0x008000c5        0x0 c:/users/sra pc 01501608190/desktop/tools/imt tools/sdk/imt_sdk_win_64/winavr/bin/../lib/gcc/avr/4.3.3/avr5\libgcc.a(_exit.o)
 .data          0x008000c5        0x0 c:/users/sra pc 01501608190/desktop/tools/imt tools/sdk/imt_sdk_win_64/winavr/bin/../lib/gcc/avr/4.3.3/avr5\libgcc.a(_copy_data.o)
 .data          0x008000c5        0x0 c:/users/sra pc 01501608190/desktop/tools/imt tools/sdk/imt_sdk_win_64/winavr/bin/../lib/gcc/avr/4.3.3/avr5\libgcc.a(_clear_bss.o)
 .data          0x008000c5        0x0 c:/users/sra pc 01501608190/desktop/tools/imt tools/sdk/imt_sdk_win_64/winavr/bin/../lib/gcc/avr/4.3.3/avr5\libgcc.a(_fixunssfsi.o)
 .data          0x008000c5        0x0 c:/users/sra pc 01501608190/desktop/tools/imt tools/sdk/imt_sdk_win_64/winavr/bin/../lib/gcc/avr/4.3.3/avr5\libgcc.a(_addsub_sf.o)
 .data          0x008000c5        0x0 c:/users/sra pc 01501608190/desktop/tools/imt tools/sdk/imt_sdk_win_64/winavr/bin/../lib/gcc/avr/4.3.3/avr5\libgcc.a(_mul_sf.o)
 .data          0x008000c5        0x0 c:/users/sra pc 01501608190/desktop/tools/imt tools/sdk/imt_sdk_win_64/winavr/bin/../lib/gcc/avr/4.3.3/avr5\libgcc.a(_gt_sf.o)
 .data          0x008000c5        0x0 c:/users/sra pc 01501608190/desktop/tools/imt tools/sdk/imt_sdk_win_64/winavr/bin/../lib/gcc/avr/4.3.3/avr5\libgcc.a(_ge_sf.o)
 .data          0x008000c5        0x0 c:/users/sra pc 01501608190/desktop/tools/imt tools/sdk/imt_sdk_win_64/winavr/bin/../lib/gcc/avr/4.3.3/avr5\libgcc.a(_lt_sf.o)
 .data          0x008000c5        0x0 c:/users/sra pc 01501608190/desktop/tools/imt tools/sdk/imt_sdk_win_64/winavr/bin/../lib/gcc/avr/4.3.3/avr5\libgcc.a(_sf_to_si.o)
 .data          0x008000c5        0x8 c:/users/sra pc 01501608190/desktop/tools/imt tools/sdk/imt_sdk_win_64/winavr/bin/../lib/gcc/avr/4.3.3/avr5\libgcc.a(_thenan_sf.o)
                0x008000c5                __thenan_sf
 .data          0x008000cd        0x0 c:/users/sra pc 01501608190/desktop/tools/imt tools/sdk/imt_sdk_win_64/winavr/bin/../lib/gcc/avr/4.3.3/avr5\libgcc.a(_udivmodsi4.o)
 .data          0x008000cd        0x0 c:/users/sra pc 01501608190/desktop/tools/imt tools/sdk/imt_sdk_win_64/winavr/bin/../lib/gcc/avr/4.3.3/avr5\libgcc.a(_prologue.o)
 .data          0x008000cd        0x0 c:/users/sra pc 01501608190/desktop/tools/imt tools/sdk/imt_sdk_win_64/winavr/bin/../lib/gcc/avr/4.3.3/avr5\libgcc.a(_epilogue.o)
 .data          0x008000cd        0x0 c:/users/sra pc 01501608190/desktop/tools/imt tools/sdk/imt_sdk_win_64/winavr/bin/../lib/gcc/avr/4.3.3/avr5\libgcc.a(_pack_sf.o)
 .data          0x008000cd        0x0 c:/users/sra pc 01501608190/desktop/tools/imt tools/sdk/imt_sdk_win_64/winavr/bin/../lib/gcc/avr/4.3.3/avr5\libgcc.a(_unpack_sf.o)
 .data          0x008000cd        0x0 c:/users/sra pc 01501608190/desktop/tools/imt tools/sdk/imt_sdk_win_64/winavr/bin/../lib/gcc/avr/4.3.3/avr5\libgcc.a(_fpcmp_parts_sf.o)
 .data          0x008000cd        0x0 c:/users/sra pc 01501608190/desktop/tools/imt tools/sdk/imt_sdk_win_64/winavr/bin/../lib/gcc/avr/4.3.3/../../../../avr/lib/avr5\libc.a(strcmp.o)
 *(.data*)
 .data.KeyPap   0x008000cd        0xc ./app/main.o
                0x008000cd                KeyPap
 *(.rodata)
 *(.rodata*)
 .rodata.Sevensegment
                0x008000d9        0xa ./HAL/SSD/SSD_prg.o
 *(.gnu.linkonce.d*)
                0x008000e4                . = ALIGN (0x2)
 *fill*         0x008000e3        0x1 00
                0x008000e4                _edata = .
                0x008000e4                PROVIDE (__data_end, .)

.bss            0x008000e4       0x27
                0x008000e4                PROVIDE (__bss_start, .)
 *(.bss)
 .bss           0x008000e4        0x0 c:/users/sra pc 01501608190/desktop/tools/imt tools/sdk/imt_sdk_win_64/winavr/bin/../lib/gcc/avr/4.3.3/../../../../avr/lib/avr5/crtm32.o
 .bss           0x008000e4        0x0 ./app/main.o
 .bss           0x008000e4        0x0 ./MCAL/WDT/WDT_prg.o
 .bss           0x008000e4        0x0 ./MCAL/USART/USART_prg.o
 .bss           0x008000e4        0x0 ./MCAL/TWI/TWI_prg.o
 .bss           0x008000e4        0x0 ./MCAL/TIMERS/TIMERS_prg.o
 .bss           0x008000e4        0x0 ./MCAL/SPI/SPI_prg.o
 .bss           0x008000e4        0x0 ./MCAL/GIE/GIE_prg.o
 .bss           0x008000e4        0x0 ./MCAL/EXTI/EXTI_prg.o
 .bss           0x008000e4        0x0 ./MCAL/DIO/DIO_prg.o
 .bss           0x008000e4        0x0 ./MCAL/ADC/ADC_prg.o
 .bss           0x008000e4        0x0 ./HAL/STEPPER/STEPPER_prg.o
 .bss           0x008000e4        0x0 ./HAL/SSD/SSD_prg.o
 .bss           0x008000e4        0x0 ./HAL/LCD/LCD_prg.o
 .bss           0x008000e4        0x0 ./HAL/KPD/KPD_prg.o
 .bss           0x008000e4        0x0 c:/users/sra pc 01501608190/desktop/tools/imt tools/sdk/imt_sdk_win_64/winavr/bin/../lib/gcc/avr/4.3.3/avr5\libgcc.a(_mulsi3.o)
 .bss           0x008000e4        0x0 c:/users/sra pc 01501608190/desktop/tools/imt tools/sdk/imt_sdk_win_64/winavr/bin/../lib/gcc/avr/4.3.3/avr5\libgcc.a(_udivmodhi4.o)
 .bss           0x008000e4        0x0 c:/users/sra pc 01501608190/desktop/tools/imt tools/sdk/imt_sdk_win_64/winavr/bin/../lib/gcc/avr/4.3.3/avr5\libgcc.a(_divmodhi4.o)
 .bss           0x008000e4        0x0 c:/users/sra pc 01501608190/desktop/tools/imt tools/sdk/imt_sdk_win_64/winavr/bin/../lib/gcc/avr/4.3.3/avr5\libgcc.a(_divmodsi4.o)
 .bss           0x008000e4        0x0 c:/users/sra pc 01501608190/desktop/tools/imt tools/sdk/imt_sdk_win_64/winavr/bin/../lib/gcc/avr/4.3.3/avr5\libgcc.a(_exit.o)
 .bss           0x008000e4        0x0 c:/users/sra pc 01501608190/desktop/tools/imt tools/sdk/imt_sdk_win_64/winavr/bin/../lib/gcc/avr/4.3.3/avr5\libgcc.a(_copy_data.o)
 .bss           0x008000e4        0x0 c:/users/sra pc 01501608190/desktop/tools/imt tools/sdk/imt_sdk_win_64/winavr/bin/../lib/gcc/avr/4.3.3/avr5\libgcc.a(_clear_bss.o)
 .bss           0x008000e4        0x0 c:/users/sra pc 01501608190/desktop/tools/imt tools/sdk/imt_sdk_win_64/winavr/bin/../lib/gcc/avr/4.3.3/avr5\libgcc.a(_fixunssfsi.o)
 .bss           0x008000e4        0x0 c:/users/sra pc 01501608190/desktop/tools/imt tools/sdk/imt_sdk_win_64/winavr/bin/../lib/gcc/avr/4.3.3/avr5\libgcc.a(_addsub_sf.o)
 .bss           0x008000e4        0x0 c:/users/sra pc 01501608190/desktop/tools/imt tools/sdk/imt_sdk_win_64/winavr/bin/../lib/gcc/avr/4.3.3/avr5\libgcc.a(_mul_sf.o)
 .bss           0x008000e4        0x0 c:/users/sra pc 01501608190/desktop/tools/imt tools/sdk/imt_sdk_win_64/winavr/bin/../lib/gcc/avr/4.3.3/avr5\libgcc.a(_gt_sf.o)
 .bss           0x008000e4        0x0 c:/users/sra pc 01501608190/desktop/tools/imt tools/sdk/imt_sdk_win_64/winavr/bin/../lib/gcc/avr/4.3.3/avr5\libgcc.a(_ge_sf.o)
 .bss           0x008000e4        0x0 c:/users/sra pc 01501608190/desktop/tools/imt tools/sdk/imt_sdk_win_64/winavr/bin/../lib/gcc/avr/4.3.3/avr5\libgcc.a(_lt_sf.o)
 .bss           0x008000e4        0x0 c:/users/sra pc 01501608190/desktop/tools/imt tools/sdk/imt_sdk_win_64/winavr/bin/../lib/gcc/avr/4.3.3/avr5\libgcc.a(_sf_to_si.o)
 .bss           0x008000e4        0x0 c:/users/sra pc 01501608190/desktop/tools/imt tools/sdk/imt_sdk_win_64/winavr/bin/../lib/gcc/avr/4.3.3/avr5\libgcc.a(_thenan_sf.o)
 .bss           0x008000e4        0x0 c:/users/sra pc 01501608190/desktop/tools/imt tools/sdk/imt_sdk_win_64/winavr/bin/../lib/gcc/avr/4.3.3/avr5\libgcc.a(_udivmodsi4.o)
 .bss           0x008000e4        0x0 c:/users/sra pc 01501608190/desktop/tools/imt tools/sdk/imt_sdk_win_64/winavr/bin/../lib/gcc/avr/4.3.3/avr5\libgcc.a(_prologue.o)
 .bss           0x008000e4        0x0 c:/users/sra pc 01501608190/desktop/tools/imt tools/sdk/imt_sdk_win_64/winavr/bin/../lib/gcc/avr/4.3.3/avr5\libgcc.a(_epilogue.o)
 .bss           0x008000e4        0x0 c:/users/sra pc 01501608190/desktop/tools/imt tools/sdk/imt_sdk_win_64/winavr/bin/../lib/gcc/avr/4.3.3/avr5\libgcc.a(_pack_sf.o)
 .bss           0x008000e4        0x0 c:/users/sra pc 01501608190/desktop/tools/imt tools/sdk/imt_sdk_win_64/winavr/bin/../lib/gcc/avr/4.3.3/avr5\libgcc.a(_unpack_sf.o)
 .bss           0x008000e4        0x0 c:/users/sra pc 01501608190/desktop/tools/imt tools/sdk/imt_sdk_win_64/winavr/bin/../lib/gcc/avr/4.3.3/avr5\libgcc.a(_fpcmp_parts_sf.o)
 .bss           0x008000e4        0x0 c:/users/sra pc 01501608190/desktop/tools/imt tools/sdk/imt_sdk_win_64/winavr/bin/../lib/gcc/avr/4.3.3/../../../../avr/lib/avr5\libc.a(strcmp.o)
 *(.bss*)
 .bss.motorState
                0x008000e4        0x1 ./app/main.o
                0x008000e4                motorState
 .bss.y         0x008000e5        0x1 ./app/main.o
                0x008000e5                y
 .bss.flage     0x008000e6        0x1 ./app/main.o
                0x008000e6                flage
 .bss.fanMode   0x008000e7        0x1 ./app/main.o
                0x008000e7                fanMode
 .bss.fanControlFlag
                0x008000e8        0x1 ./app/main.o
                0x008000e8                fanControlFlag
 .bss.doorMode  0x008000e9        0x1 ./app/main.o
                0x008000e9                doorMode
 .bss.doorControlFlag
                0x008000ea        0x1 ./app/main.o
                0x008000ea                doorControlFlag
 .bss.windMode  0x008000eb        0x1 ./app/main.o
                0x008000eb                windMode
 .bss.windControlFlag
                0x008000ec        0x1 ./app/main.o
                0x008000ec                windControlFlag
 .bss.tempState.1424
                0x008000ed        0x1 ./app/main.o
 .bss.G_TIMER1_ICU_CB
                0x008000ee        0x2 ./MCAL/TIMERS/TIMERS_prg.o
 .bss.G_u32T_required
                0x008000f0        0x4 ./MCAL/TIMERS/TIMERS_prg.o
 .bss.G_TIMER_CTC_CB
                0x008000f4        0x2 ./MCAL/TIMERS/TIMERS_prg.o
 .bss.LS_u32Counter.1383
                0x008000f6        0x4 ./MCAL/TIMERS/TIMERS_prg.o
 .bss.G_TIMER_OVF_CB
                0x008000fa        0x2 ./MCAL/TIMERS/TIMERS_prg.o
 .bss.LS_u32T_OVF.1373
                0x008000fc        0x4 ./MCAL/TIMERS/TIMERS_prg.o
 .bss.G_EXTI_Callback
                0x00800100        0x6 ./MCAL/EXTI/EXTI_prg.o
 *(COMMON)
 COMMON         0x00800106        0x5 ./app/main.o
                0x00800106                key_enter
                0x0080010b                PROVIDE (__bss_end, .)
                0x0000239a                __data_load_start = LOADADDR (.data)
                0x0000241e                __data_load_end = (__data_load_start + SIZEOF (.data))

.noinit         0x0080010b        0x0
                0x0080010b                PROVIDE (__noinit_start, .)
 *(.noinit*)
                0x0080010b                PROVIDE (__noinit_end, .)
                0x0080010b                _end = .
                0x0080010b                PROVIDE (__heap_start, .)

.eeprom         0x00810000        0x0
 *(.eeprom*)
                0x00810000                __eeprom_end = .

.fuse
 *(.fuse)
 *(.lfuse)
 *(.hfuse)
 *(.efuse)

.lock
 *(.lock*)

.signature
 *(.signature*)

.stab
 *(.stab)

.stabstr
 *(.stabstr)

.stab.excl
 *(.stab.excl)

.stab.exclstr
 *(.stab.exclstr)

.stab.index
 *(.stab.index)

.stab.indexstr
 *(.stab.indexstr)

.comment
 *(.comment)

.debug
 *(.debug)

.line
 *(.line)

.debug_srcinfo
 *(.debug_srcinfo)

.debug_sfnames
 *(.debug_sfnames)

.debug_aranges  0x00000000      0x140
 *(.debug_aranges)
 .debug_aranges
                0x00000000       0x20 c:/users/sra pc 01501608190/desktop/tools/imt tools/sdk/imt_sdk_win_64/winavr/bin/../lib/gcc/avr/4.3.3/avr5\libgcc.a(_fixunssfsi.o)
 .debug_aranges
                0x00000020       0x20 c:/users/sra pc 01501608190/desktop/tools/imt tools/sdk/imt_sdk_win_64/winavr/bin/../lib/gcc/avr/4.3.3/avr5\libgcc.a(_addsub_sf.o)
 .debug_aranges
                0x00000040       0x20 c:/users/sra pc 01501608190/desktop/tools/imt tools/sdk/imt_sdk_win_64/winavr/bin/../lib/gcc/avr/4.3.3/avr5\libgcc.a(_mul_sf.o)
 .debug_aranges
                0x00000060       0x20 c:/users/sra pc 01501608190/desktop/tools/imt tools/sdk/imt_sdk_win_64/winavr/bin/../lib/gcc/avr/4.3.3/avr5\libgcc.a(_gt_sf.o)
 .debug_aranges
                0x00000080       0x20 c:/users/sra pc 01501608190/desktop/tools/imt tools/sdk/imt_sdk_win_64/winavr/bin/../lib/gcc/avr/4.3.3/avr5\libgcc.a(_ge_sf.o)
 .debug_aranges
                0x000000a0       0x20 c:/users/sra pc 01501608190/desktop/tools/imt tools/sdk/imt_sdk_win_64/winavr/bin/../lib/gcc/avr/4.3.3/avr5\libgcc.a(_lt_sf.o)
 .debug_aranges
                0x000000c0       0x20 c:/users/sra pc 01501608190/desktop/tools/imt tools/sdk/imt_sdk_win_64/winavr/bin/../lib/gcc/avr/4.3.3/avr5\libgcc.a(_sf_to_si.o)
 .debug_aranges
                0x000000e0       0x20 c:/users/sra pc 01501608190/desktop/tools/imt tools/sdk/imt_sdk_win_64/winavr/bin/../lib/gcc/avr/4.3.3/avr5\libgcc.a(_pack_sf.o)
 .debug_aranges
                0x00000100       0x20 c:/users/sra pc 01501608190/desktop/tools/imt tools/sdk/imt_sdk_win_64/winavr/bin/../lib/gcc/avr/4.3.3/avr5\libgcc.a(_unpack_sf.o)
 .debug_aranges
                0x00000120       0x20 c:/users/sra pc 01501608190/desktop/tools/imt tools/sdk/imt_sdk_win_64/winavr/bin/../lib/gcc/avr/4.3.3/avr5\libgcc.a(_fpcmp_parts_sf.o)

.debug_pubnames
                0x00000000      0x170
 *(.debug_pubnames)
 .debug_pubnames
                0x00000000       0x23 c:/users/sra pc 01501608190/desktop/tools/imt tools/sdk/imt_sdk_win_64/winavr/bin/../lib/gcc/avr/4.3.3/avr5\libgcc.a(_fixunssfsi.o)
 .debug_pubnames
                0x00000023       0x2c c:/users/sra pc 01501608190/desktop/tools/imt tools/sdk/imt_sdk_win_64/winavr/bin/../lib/gcc/avr/4.3.3/avr5\libgcc.a(_addsub_sf.o)
 .debug_pubnames
                0x0000004f       0x1f c:/users/sra pc 01501608190/desktop/tools/imt tools/sdk/imt_sdk_win_64/winavr/bin/../lib/gcc/avr/4.3.3/avr5\libgcc.a(_mul_sf.o)
 .debug_pubnames
                0x0000006e       0x1e c:/users/sra pc 01501608190/desktop/tools/imt tools/sdk/imt_sdk_win_64/winavr/bin/../lib/gcc/avr/4.3.3/avr5\libgcc.a(_gt_sf.o)
 .debug_pubnames
                0x0000008c       0x1e c:/users/sra pc 01501608190/desktop/tools/imt tools/sdk/imt_sdk_win_64/winavr/bin/../lib/gcc/avr/4.3.3/avr5\libgcc.a(_ge_sf.o)
 .debug_pubnames
                0x000000aa       0x1e c:/users/sra pc 01501608190/desktop/tools/imt tools/sdk/imt_sdk_win_64/winavr/bin/../lib/gcc/avr/4.3.3/avr5\libgcc.a(_lt_sf.o)
 .debug_pubnames
                0x000000c8       0x20 c:/users/sra pc 01501608190/desktop/tools/imt tools/sdk/imt_sdk_win_64/winavr/bin/../lib/gcc/avr/4.3.3/avr5\libgcc.a(_sf_to_si.o)
 .debug_pubnames
                0x000000e8       0x22 c:/users/sra pc 01501608190/desktop/tools/imt tools/sdk/imt_sdk_win_64/winavr/bin/../lib/gcc/avr/4.3.3/avr5\libgcc.a(_thenan_sf.o)
 .debug_pubnames
                0x0000010a       0x1f c:/users/sra pc 01501608190/desktop/tools/imt tools/sdk/imt_sdk_win_64/winavr/bin/../lib/gcc/avr/4.3.3/avr5\libgcc.a(_pack_sf.o)
 .debug_pubnames
                0x00000129       0x21 c:/users/sra pc 01501608190/desktop/tools/imt tools/sdk/imt_sdk_win_64/winavr/bin/../lib/gcc/avr/4.3.3/avr5\libgcc.a(_unpack_sf.o)
 .debug_pubnames
                0x0000014a       0x26 c:/users/sra pc 01501608190/desktop/tools/imt tools/sdk/imt_sdk_win_64/winavr/bin/../lib/gcc/avr/4.3.3/avr5\libgcc.a(_fpcmp_parts_sf.o)

.debug_info     0x00000000     0x1c49
 *(.debug_info)
 .debug_info    0x00000000       0xb1 c:/users/sra pc 01501608190/desktop/tools/imt tools/sdk/imt_sdk_win_64/winavr/bin/../lib/gcc/avr/4.3.3/avr5\libgcc.a(_fixunssfsi.o)
 .debug_info    0x000000b1      0x47a c:/users/sra pc 01501608190/desktop/tools/imt tools/sdk/imt_sdk_win_64/winavr/bin/../lib/gcc/avr/4.3.3/avr5\libgcc.a(_addsub_sf.o)
 .debug_info    0x0000052b      0x485 c:/users/sra pc 01501608190/desktop/tools/imt tools/sdk/imt_sdk_win_64/winavr/bin/../lib/gcc/avr/4.3.3/avr5\libgcc.a(_mul_sf.o)
 .debug_info    0x000009b0      0x27f c:/users/sra pc 01501608190/desktop/tools/imt tools/sdk/imt_sdk_win_64/winavr/bin/../lib/gcc/avr/4.3.3/avr5\libgcc.a(_gt_sf.o)
 .debug_info    0x00000c2f      0x27f c:/users/sra pc 01501608190/desktop/tools/imt tools/sdk/imt_sdk_win_64/winavr/bin/../lib/gcc/avr/4.3.3/avr5\libgcc.a(_ge_sf.o)
 .debug_info    0x00000eae      0x27f c:/users/sra pc 01501608190/desktop/tools/imt tools/sdk/imt_sdk_win_64/winavr/bin/../lib/gcc/avr/4.3.3/avr5\libgcc.a(_lt_sf.o)
 .debug_info    0x0000112d      0x2b0 c:/users/sra pc 01501608190/desktop/tools/imt tools/sdk/imt_sdk_win_64/winavr/bin/../lib/gcc/avr/4.3.3/avr5\libgcc.a(_sf_to_si.o)
 .debug_info    0x000013dd      0x12c c:/users/sra pc 01501608190/desktop/tools/imt tools/sdk/imt_sdk_win_64/winavr/bin/../lib/gcc/avr/4.3.3/avr5\libgcc.a(_thenan_sf.o)
 .debug_info    0x00001509      0x2df c:/users/sra pc 01501608190/desktop/tools/imt tools/sdk/imt_sdk_win_64/winavr/bin/../lib/gcc/avr/4.3.3/avr5\libgcc.a(_pack_sf.o)
 .debug_info    0x000017e8      0x251 c:/users/sra pc 01501608190/desktop/tools/imt tools/sdk/imt_sdk_win_64/winavr/bin/../lib/gcc/avr/4.3.3/avr5\libgcc.a(_unpack_sf.o)
 .debug_info    0x00001a39      0x210 c:/users/sra pc 01501608190/desktop/tools/imt tools/sdk/imt_sdk_win_64/winavr/bin/../lib/gcc/avr/4.3.3/avr5\libgcc.a(_fpcmp_parts_sf.o)
 *(.gnu.linkonce.wi.*)

.debug_abbrev   0x00000000      0xeeb
 *(.debug_abbrev)
 .debug_abbrev  0x00000000       0x5d c:/users/sra pc 01501608190/desktop/tools/imt tools/sdk/imt_sdk_win_64/winavr/bin/../lib/gcc/avr/4.3.3/avr5\libgcc.a(_fixunssfsi.o)
 .debug_abbrev  0x0000005d      0x1ea c:/users/sra pc 01501608190/desktop/tools/imt tools/sdk/imt_sdk_win_64/winavr/bin/../lib/gcc/avr/4.3.3/avr5\libgcc.a(_addsub_sf.o)
 .debug_abbrev  0x00000247      0x21b c:/users/sra pc 01501608190/desktop/tools/imt tools/sdk/imt_sdk_win_64/winavr/bin/../lib/gcc/avr/4.3.3/avr5\libgcc.a(_mul_sf.o)
 .debug_abbrev  0x00000462      0x15a c:/users/sra pc 01501608190/desktop/tools/imt tools/sdk/imt_sdk_win_64/winavr/bin/../lib/gcc/avr/4.3.3/avr5\libgcc.a(_gt_sf.o)
 .debug_abbrev  0x000005bc      0x15a c:/users/sra pc 01501608190/desktop/tools/imt tools/sdk/imt_sdk_win_64/winavr/bin/../lib/gcc/avr/4.3.3/avr5\libgcc.a(_ge_sf.o)
 .debug_abbrev  0x00000716      0x15a c:/users/sra pc 01501608190/desktop/tools/imt tools/sdk/imt_sdk_win_64/winavr/bin/../lib/gcc/avr/4.3.3/avr5\libgcc.a(_lt_sf.o)
 .debug_abbrev  0x00000870      0x17f c:/users/sra pc 01501608190/desktop/tools/imt tools/sdk/imt_sdk_win_64/winavr/bin/../lib/gcc/avr/4.3.3/avr5\libgcc.a(_sf_to_si.o)
 .debug_abbrev  0x000009ef       0xad c:/users/sra pc 01501608190/desktop/tools/imt tools/sdk/imt_sdk_win_64/winavr/bin/../lib/gcc/avr/4.3.3/avr5\libgcc.a(_thenan_sf.o)
 .debug_abbrev  0x00000a9c      0x1c0 c:/users/sra pc 01501608190/desktop/tools/imt tools/sdk/imt_sdk_win_64/winavr/bin/../lib/gcc/avr/4.3.3/avr5\libgcc.a(_pack_sf.o)
 .debug_abbrev  0x00000c5c      0x154 c:/users/sra pc 01501608190/desktop/tools/imt tools/sdk/imt_sdk_win_64/winavr/bin/../lib/gcc/avr/4.3.3/avr5\libgcc.a(_unpack_sf.o)
 .debug_abbrev  0x00000db0      0x13b c:/users/sra pc 01501608190/desktop/tools/imt tools/sdk/imt_sdk_win_64/winavr/bin/../lib/gcc/avr/4.3.3/avr5\libgcc.a(_fpcmp_parts_sf.o)

.debug_line     0x00000000      0xdad
 *(.debug_line)
 .debug_line    0x00000000       0xa7 c:/users/sra pc 01501608190/desktop/tools/imt tools/sdk/imt_sdk_win_64/winavr/bin/../lib/gcc/avr/4.3.3/avr5\libgcc.a(_fixunssfsi.o)
 .debug_line    0x000000a7      0x2af c:/users/sra pc 01501608190/desktop/tools/imt tools/sdk/imt_sdk_win_64/winavr/bin/../lib/gcc/avr/4.3.3/avr5\libgcc.a(_addsub_sf.o)
 .debug_line    0x00000356      0x239 c:/users/sra pc 01501608190/desktop/tools/imt tools/sdk/imt_sdk_win_64/winavr/bin/../lib/gcc/avr/4.3.3/avr5\libgcc.a(_mul_sf.o)
 .debug_line    0x0000058f       0xd3 c:/users/sra pc 01501608190/desktop/tools/imt tools/sdk/imt_sdk_win_64/winavr/bin/../lib/gcc/avr/4.3.3/avr5\libgcc.a(_gt_sf.o)
 .debug_line    0x00000662       0xd3 c:/users/sra pc 01501608190/desktop/tools/imt tools/sdk/imt_sdk_win_64/winavr/bin/../lib/gcc/avr/4.3.3/avr5\libgcc.a(_ge_sf.o)
 .debug_line    0x00000735       0xd3 c:/users/sra pc 01501608190/desktop/tools/imt tools/sdk/imt_sdk_win_64/winavr/bin/../lib/gcc/avr/4.3.3/avr5\libgcc.a(_lt_sf.o)
 .debug_line    0x00000808      0x109 c:/users/sra pc 01501608190/desktop/tools/imt tools/sdk/imt_sdk_win_64/winavr/bin/../lib/gcc/avr/4.3.3/avr5\libgcc.a(_sf_to_si.o)
 .debug_line    0x00000911       0x90 c:/users/sra pc 01501608190/desktop/tools/imt tools/sdk/imt_sdk_win_64/winavr/bin/../lib/gcc/avr/4.3.3/avr5\libgcc.a(_thenan_sf.o)
 .debug_line    0x000009a1      0x18a c:/users/sra pc 01501608190/desktop/tools/imt tools/sdk/imt_sdk_win_64/winavr/bin/../lib/gcc/avr/4.3.3/avr5\libgcc.a(_pack_sf.o)
 .debug_line    0x00000b2b      0x14b c:/users/sra pc 01501608190/desktop/tools/imt tools/sdk/imt_sdk_win_64/winavr/bin/../lib/gcc/avr/4.3.3/avr5\libgcc.a(_unpack_sf.o)
 .debug_line    0x00000c76      0x137 c:/users/sra pc 01501608190/desktop/tools/imt tools/sdk/imt_sdk_win_64/winavr/bin/../lib/gcc/avr/4.3.3/avr5\libgcc.a(_fpcmp_parts_sf.o)

.debug_frame    0x00000000      0x160
 *(.debug_frame)
 .debug_frame   0x00000000       0x20 c:/users/sra pc 01501608190/desktop/tools/imt tools/sdk/imt_sdk_win_64/winavr/bin/../lib/gcc/avr/4.3.3/avr5\libgcc.a(_fixunssfsi.o)
 .debug_frame   0x00000020       0x40 c:/users/sra pc 01501608190/desktop/tools/imt tools/sdk/imt_sdk_win_64/winavr/bin/../lib/gcc/avr/4.3.3/avr5\libgcc.a(_addsub_sf.o)
 .debug_frame   0x00000060       0x20 c:/users/sra pc 01501608190/desktop/tools/imt tools/sdk/imt_sdk_win_64/winavr/bin/../lib/gcc/avr/4.3.3/avr5\libgcc.a(_mul_sf.o)
 .debug_frame   0x00000080       0x20 c:/users/sra pc 01501608190/desktop/tools/imt tools/sdk/imt_sdk_win_64/winavr/bin/../lib/gcc/avr/4.3.3/avr5\libgcc.a(_gt_sf.o)
 .debug_frame   0x000000a0       0x20 c:/users/sra pc 01501608190/desktop/tools/imt tools/sdk/imt_sdk_win_64/winavr/bin/../lib/gcc/avr/4.3.3/avr5\libgcc.a(_ge_sf.o)
 .debug_frame   0x000000c0       0x20 c:/users/sra pc 01501608190/desktop/tools/imt tools/sdk/imt_sdk_win_64/winavr/bin/../lib/gcc/avr/4.3.3/avr5\libgcc.a(_lt_sf.o)
 .debug_frame   0x000000e0       0x20 c:/users/sra pc 01501608190/desktop/tools/imt tools/sdk/imt_sdk_win_64/winavr/bin/../lib/gcc/avr/4.3.3/avr5\libgcc.a(_sf_to_si.o)
 .debug_frame   0x00000100       0x20 c:/users/sra pc 01501608190/desktop/tools/imt tools/sdk/imt_sdk_win_64/winavr/bin/../lib/gcc/avr/4.3.3/avr5\libgcc.a(_pack_sf.o)
 .debug_frame   0x00000120       0x20 c:/users/sra pc 01501608190/desktop/tools/imt tools/sdk/imt_sdk_win_64/winavr/bin/../lib/gcc/avr/4.3.3/avr5\libgcc.a(_unpack_sf.o)
 .debug_frame   0x00000140       0x20 c:/users/sra pc 01501608190/desktop/tools/imt tools/sdk/imt_sdk_win_64/winavr/bin/../lib/gcc/avr/4.3.3/avr5\libgcc.a(_fpcmp_parts_sf.o)

.debug_str      0x00000000      0x28d
 *(.debug_str)
 .debug_str     0x00000000       0xbf c:/users/sra pc 01501608190/desktop/tools/imt tools/sdk/imt_sdk_win_64/winavr/bin/../lib/gcc/avr/4.3.3/avr5\libgcc.a(_fixunssfsi.o)
                                 0xfe (size before relaxing)
 .debug_str     0x000000bf      0x14d c:/users/sra pc 01501608190/desktop/tools/imt tools/sdk/imt_sdk_win_64/winavr/bin/../lib/gcc/avr/4.3.3/avr5\libgcc.a(_addsub_sf.o)
                                0x206 (size before relaxing)
 .debug_str     0x0000020c       0x27 c:/users/sra pc 01501608190/desktop/tools/imt tools/sdk/imt_sdk_win_64/winavr/bin/../lib/gcc/avr/4.3.3/avr5\libgcc.a(_mul_sf.o)
                                0x1bf (size before relaxing)
 .debug_str     0x00000233        0xf c:/users/sra pc 01501608190/desktop/tools/imt tools/sdk/imt_sdk_win_64/winavr/bin/../lib/gcc/avr/4.3.3/avr5\libgcc.a(_gt_sf.o)
                                0x195 (size before relaxing)
 .debug_str     0x00000242        0x8 c:/users/sra pc 01501608190/desktop/tools/imt tools/sdk/imt_sdk_win_64/winavr/bin/../lib/gcc/avr/4.3.3/avr5\libgcc.a(_ge_sf.o)
                                0x195 (size before relaxing)
 .debug_str     0x0000024a        0x8 c:/users/sra pc 01501608190/desktop/tools/imt tools/sdk/imt_sdk_win_64/winavr/bin/../lib/gcc/avr/4.3.3/avr5\libgcc.a(_lt_sf.o)
                                0x195 (size before relaxing)
 .debug_str     0x00000252        0xa c:/users/sra pc 01501608190/desktop/tools/imt tools/sdk/imt_sdk_win_64/winavr/bin/../lib/gcc/avr/4.3.3/avr5\libgcc.a(_sf_to_si.o)
                                0x19e (size before relaxing)
 .debug_str     0x00000000      0x103 c:/users/sra pc 01501608190/desktop/tools/imt tools/sdk/imt_sdk_win_64/winavr/bin/../lib/gcc/avr/4.3.3/avr5\libgcc.a(_thenan_sf.o)
 .debug_str     0x0000025c       0x16 c:/users/sra pc 01501608190/desktop/tools/imt tools/sdk/imt_sdk_win_64/winavr/bin/../lib/gcc/avr/4.3.3/avr5\libgcc.a(_pack_sf.o)
                                0x19d (size before relaxing)
 .debug_str     0x00000272        0xb c:/users/sra pc 01501608190/desktop/tools/imt tools/sdk/imt_sdk_win_64/winavr/bin/../lib/gcc/avr/4.3.3/avr5\libgcc.a(_unpack_sf.o)
                                0x17f (size before relaxing)
 .debug_str     0x0000027d       0x10 c:/users/sra pc 01501608190/desktop/tools/imt tools/sdk/imt_sdk_win_64/winavr/bin/../lib/gcc/avr/4.3.3/avr5\libgcc.a(_fpcmp_parts_sf.o)
                                0x163 (size before relaxing)

.debug_loc      0x00000000      0x7ce
 *(.debug_loc)
 .debug_loc     0x00000000       0x34 c:/users/sra pc 01501608190/desktop/tools/imt tools/sdk/imt_sdk_win_64/winavr/bin/../lib/gcc/avr/4.3.3/avr5\libgcc.a(_fixunssfsi.o)
 .debug_loc     0x00000034      0x32a c:/users/sra pc 01501608190/desktop/tools/imt tools/sdk/imt_sdk_win_64/winavr/bin/../lib/gcc/avr/4.3.3/avr5\libgcc.a(_addsub_sf.o)
 .debug_loc     0x0000035e      0x104 c:/users/sra pc 01501608190/desktop/tools/imt tools/sdk/imt_sdk_win_64/winavr/bin/../lib/gcc/avr/4.3.3/avr5\libgcc.a(_mul_sf.o)
 .debug_loc     0x00000462       0x3c c:/users/sra pc 01501608190/desktop/tools/imt tools/sdk/imt_sdk_win_64/winavr/bin/../lib/gcc/avr/4.3.3/avr5\libgcc.a(_gt_sf.o)
 .debug_loc     0x0000049e       0x3c c:/users/sra pc 01501608190/desktop/tools/imt tools/sdk/imt_sdk_win_64/winavr/bin/../lib/gcc/avr/4.3.3/avr5\libgcc.a(_ge_sf.o)
 .debug_loc     0x000004da       0x3c c:/users/sra pc 01501608190/desktop/tools/imt tools/sdk/imt_sdk_win_64/winavr/bin/../lib/gcc/avr/4.3.3/avr5\libgcc.a(_lt_sf.o)
 .debug_loc     0x00000516       0x7e c:/users/sra pc 01501608190/desktop/tools/imt tools/sdk/imt_sdk_win_64/winavr/bin/../lib/gcc/avr/4.3.3/avr5\libgcc.a(_sf_to_si.o)
 .debug_loc     0x00000594      0x13e c:/users/sra pc 01501608190/desktop/tools/imt tools/sdk/imt_sdk_win_64/winavr/bin/../lib/gcc/avr/4.3.3/avr5\libgcc.a(_pack_sf.o)
 .debug_loc     0x000006d2       0xac c:/users/sra pc 01501608190/desktop/tools/imt tools/sdk/imt_sdk_win_64/winavr/bin/../lib/gcc/avr/4.3.3/avr5\libgcc.a(_unpack_sf.o)
 .debug_loc     0x0000077e       0x50 c:/users/sra pc 01501608190/desktop/tools/imt tools/sdk/imt_sdk_win_64/winavr/bin/../lib/gcc/avr/4.3.3/avr5\libgcc.a(_fpcmp_parts_sf.o)

.debug_macinfo
 *(.debug_macinfo)
OUTPUT(smarthome.elf elf32-avr)
LOAD linker stubs

.debug_ranges   0x00000000       0x50
 .debug_ranges  0x00000000       0x50 c:/users/sra pc 01501608190/desktop/tools/imt tools/sdk/imt_sdk_win_64/winavr/bin/../lib/gcc/avr/4.3.3/avr5\libgcc.a(_mul_sf.o)
